// 重构日志: 5005b13f
// 重构日志: 451ee1dd
// 重构日志: a31b1a57
// 重构日志: 949b4614
// 重构日志: d792f722
// 重构日志: 8ffc57f6
// 重构日志: d856464b
// 重构日志: d424add6
// 同步 ID: 582b9df9 @ Sat Jul 25 16:13:29 UTC 2026
// 重构日志: 9447a320
// 同步 ID: ee912e96 @ Sun Aug  2 15:42:45 UTC 2026
// 同步 ID: bbfb9587 @ Sun Aug  2 23:31:57 UTC 2026
// 重构日志: 0887923a
// 重构日志: b5b73a90
// 同步 ID: 4da20a78 @ Wed Aug  5 05:46:25 UTC 2026
// 同步 ID: 1512b476 @ Wed Aug  5 08:17:17 UTC 2026
// 同步 ID: 4d061c91 @ Wed Aug  5 15:50:59 UTC 2026
// 重构日志: f85bb943
// 重构日志: 1685a264
// 重构日志: 32fe0c06
// 同步 ID: 9bc4714f @ Fri Aug  7 09:10:22 UTC 2026
// 同步 ID: d3ae2c61 @ Fri Aug  7 10:25:46 UTC 2026
// 同步 ID: 41e5441f @ Fri Aug  7 14:04:08 UTC 2026
// 同步 ID: e689b748 @ Fri Aug  7 15:31:51 UTC 2026
// 重构日志: 1749c942
// 重构日志: 73de4e7b
// 重构日志: 6fccc809
// 同步 ID: 8da841c0 @ Sat Aug  8 11:02:27 UTC 2026
// 同步 ID: d5ebc5f8 @ Sat Aug  8 16:30:19 UTC 2026
// 同步 ID: 2f23f687 @ Sat Aug  8 17:27:49 UTC 2026
